Detecting C compiler ABI info failed to compile with the following output:
Change Dir: /mnt/c/Users/billy/Documents/GitHub/duke-of-errors/build/CMakeFiles/CMakeTmp

Run Build Command(s):/usr/bin/gmake -f Makefile cmTC_2e4bf/fast && /usr/bin/gmake  -f CMakeFiles/cmTC_2e4bf.dir/build.make CMakeFiles/cmTC_2e4bf.dir/build
gmake[1]: Entering directory '/mnt/c/Users/billy/Documents/GitHub/duke-of-errors/build/CMakeFiles/CMakeTmp'
Building C object CMakeFiles/cmTC_2e4bf.dir/CMakeCCompilerABI.c.o
/mnt/c/msys64/ucrt64/bin/gcc.exe   -v -o CMakeFiles/cmTC_2e4bf.dir/CMakeCCompilerABI.c.o -c /usr/share/cmake-3.22/Modules/CMakeCCompilerABI.c
Using built-in specs.
COLLECT_GCC=gcc.exe
Target: x86_64-w64-mingw32
Configured with: ../gcc-13.2.0/configure --prefix=/ucrt64 --with-local-prefix=/ucrt64/local --build=x86_64-w64-mingw32 --host=x86_64-w64-mingw32 --target=x86_64-w64-mingw32 --with-native-system-header-dir=/ucrt64/include --libexecdir=/ucrt64/lib --enable-bootstrap --enable-checking=release --with-arch=nocona --with-tune=generic --enable-languages=c,lto,c++,fortran,ada,objc,obj-c++,jit --enable-shared --enable-static --enable-libatomic --enable-threads=posix --enable-graphite --enable-fully-dynamic-string --enable-libstdcxx-filesystem-ts --enable-libstdcxx-time --disable-libstdcxx-pch --enable-lto --enable-libgomp --disable-libssp --disable-multilib --disable-rpath --disable-win32-registry --disable-nls --disable-werror --disable-symvers --with-libiconv --with-system-zlib --with-gmp=/ucrt64 --with-mpfr=/ucrt64 --with-mpc=/ucrt64 --with-isl=/ucrt64 --with-pkgversion='Rev3, Built by MSYS2 project' --with-bugurl=https://github.com/msys2/MINGW-packages/issues --with-gnu-as --with-gnu-ld --disable-libstdcxx-debug --with-boot-ldflags=-static-libstdc++ --with-stage1-ldflags=-static-libstdc++
Thread model: posix
Supported LTO compression algorithms: zlib zstd
gcc version 13.2.0 (Rev3, Built by MSYS2 project) 
COLLECT_GCC_OPTIONS='-v' '-o' 'CMakeFiles/cmTC_2e4bf.dir/CMakeCCompilerABI.c.o' '-c' '-mtune=generic' '-march=nocona' '-dumpdir' 'CMakeFiles/cmTC_2e4bf.dir/'
 C:/msys64/ucrt64/bin/../lib/gcc/x86_64-w64-mingw32/13.2.0/cc1.exe -quiet -v -iprefix C:/msys64/ucrt64/bin/../lib/gcc/x86_64-w64-mingw32/13.2.0/ -D_REENTRANT /usr/share/cmake-3.22/Modules/CMakeCCompilerABI.c -quiet -dumpdir CMakeFiles/cmTC_2e4bf.dir/ -dumpbase CMakeCCompilerABI.c.c -dumpbase-ext .c -mtune=generic -march=nocona -version -o C:\Users\billy\AppData\Local\Temp\cc7Tjf7n.s
GNU C17 (Rev3, Built by MSYS2 project) version 13.2.0 (x86_64-w64-mingw32)
	compiled by GNU C version 13.2.0, GMP version 6.3.0, MPFR version 4.2.1, MPC version 1.3.1, isl version isl-0.26-GMP

GGC heuristics: --param ggc-min-expand=100 --param ggc-min-heapsize=131072
ignoring nonexistent directory "C:/msys64/ucrt64/bin/../lib/gcc/x86_64-w64-mingw32/13.2.0/../../../../x86_64-w64-mingw32/include"
ignoring duplicate directory "C:/msys64/ucrt64/lib/gcc/../../lib/gcc/x86_64-w64-mingw32/13.2.0/include"
ignoring nonexistent directory "D:/a/msys64/ucrt64/include"
ignoring nonexistent directory "/ucrt64/include"
ignoring duplicate directory "C:/msys64/ucrt64/lib/gcc/../../lib/gcc/x86_64-w64-mingw32/13.2.0/include-fixed"
ignoring nonexistent directory "C:/msys64/ucrt64/lib/gcc/../../lib/gcc/x86_64-w64-mingw32/13.2.0/../../../../x86_64-w64-mingw32/include"
ignoring nonexistent directory "D:/a/msys64/ucrt64/include"
#include "..." search starts here:
#include <...> search starts here:
 C:/msys64/ucrt64/bin/../lib/gcc/x86_64-w64-mingw32/13.2.0/include
 C:/msys64/ucrt64/bin/../lib/gcc/x86_64-w64-mingw32/13.2.0/../../../../include
 C:/msys64/ucrt64/bin/../lib/gcc/x86_64-w64-mingw32/13.2.0/include-fixed
End of search list.
cc1.exe: fatal error: /usr/share/cmake-3.22/Modules/CMakeCCompilerABI.c: No such file or directory
compilation terminated.
gmake[1]: *** [CMakeFiles/cmTC_2e4bf.dir/build.make:78: CMakeFiles/cmTC_2e4bf.dir/CMakeCCompilerABI.c.o] Error 1
gmake[1]: Leaving directory '/mnt/c/Users/billy/Documents/GitHub/duke-of-errors/build/CMakeFiles/CMakeTmp'
gmake: *** [Makefile:127: cmTC_2e4bf/fast] Error 2




Determining if the C compiler works failed with the following output:
Change Dir: /mnt/c/Users/billy/Documents/GitHub/duke-of-errors/build/CMakeFiles/CMakeTmp

Run Build Command(s):/usr/bin/gmake -f Makefile cmTC_12208/fast && /usr/bin/gmake  -f CMakeFiles/cmTC_12208.dir/build.make CMakeFiles/cmTC_12208.dir/build
gmake[1]: Entering directory '/mnt/c/Users/billy/Documents/GitHub/duke-of-errors/build/CMakeFiles/CMakeTmp'
Building C object CMakeFiles/cmTC_12208.dir/testCCompiler.c.o
/mnt/c/msys64/ucrt64/bin/gcc.exe    -o CMakeFiles/cmTC_12208.dir/testCCompiler.c.o -c /mnt/c/Users/billy/Documents/GitHub/duke-of-errors/build/CMakeFiles/CMakeTmp/testCCompiler.c
cc1.exe: fatal error: /mnt/c/Users/billy/Documents/GitHub/duke-of-errors/build/CMakeFiles/CMakeTmp/testCCompiler.c: No such file or directory
compilation terminated.
gmake[1]: *** [CMakeFiles/cmTC_12208.dir/build.make:78: CMakeFiles/cmTC_12208.dir/testCCompiler.c.o] Error 1
gmake[1]: Leaving directory '/mnt/c/Users/billy/Documents/GitHub/duke-of-errors/build/CMakeFiles/CMakeTmp'
gmake: *** [Makefile:127: cmTC_12208/fast] Error 2



Detecting C compiler ABI info failed to compile with the following output:
Change Dir: /mnt/c/Users/billy/Documents/GitHub/duke-of-errors/build/CMakeFiles/CMakeTmp

Run Build Command(s):/usr/bin/gmake -f Makefile cmTC_b1700/fast && /usr/bin/gmake  -f CMakeFiles/cmTC_b1700.dir/build.make CMakeFiles/cmTC_b1700.dir/build
gmake[1]: Entering directory '/mnt/c/Users/billy/Documents/GitHub/duke-of-errors/build/CMakeFiles/CMakeTmp'
Building C object CMakeFiles/cmTC_b1700.dir/CMakeCCompilerABI.c.o
/mnt/c/msys64/ucrt64/bin/gcc.exe   -v -o CMakeFiles/cmTC_b1700.dir/CMakeCCompilerABI.c.o -c /usr/share/cmake-3.22/Modules/CMakeCCompilerABI.c
Using built-in specs.
COLLECT_GCC=gcc.exe
Target: x86_64-w64-mingw32
Configured with: ../gcc-13.2.0/configure --prefix=/ucrt64 --with-local-prefix=/ucrt64/local --build=x86_64-w64-mingw32 --host=x86_64-w64-mingw32 --target=x86_64-w64-mingw32 --with-native-system-header-dir=/ucrt64/include --libexecdir=/ucrt64/lib --enable-bootstrap --enable-checking=release --with-arch=nocona --with-tune=generic --enable-languages=c,lto,c++,fortran,ada,objc,obj-c++,jit --enable-shared --enable-static --enable-libatomic --enable-threads=posix --enable-graphite --enable-fully-dynamic-string --enable-libstdcxx-filesystem-ts --enable-libstdcxx-time --disable-libstdcxx-pch --enable-lto --enable-libgomp --disable-libssp --disable-multilib --disable-rpath --disable-win32-registry --disable-nls --disable-werror --disable-symvers --with-libiconv --with-system-zlib --with-gmp=/ucrt64 --with-mpfr=/ucrt64 --with-mpc=/ucrt64 --with-isl=/ucrt64 --with-pkgversion='Rev3, Built by MSYS2 project' --with-bugurl=https://github.com/msys2/MINGW-packages/issues --with-gnu-as --with-gnu-ld --disable-libstdcxx-debug --with-boot-ldflags=-static-libstdc++ --with-stage1-ldflags=-static-libstdc++
Thread model: posix
Supported LTO compression algorithms: zlib zstd
gcc version 13.2.0 (Rev3, Built by MSYS2 project) 
COLLECT_GCC_OPTIONS='-v' '-o' 'CMakeFiles/cmTC_b1700.dir/CMakeCCompilerABI.c.o' '-c' '-mtune=generic' '-march=nocona' '-dumpdir' 'CMakeFiles/cmTC_b1700.dir/'
 C:/msys64/ucrt64/bin/../lib/gcc/x86_64-w64-mingw32/13.2.0/cc1.exe -quiet -v -iprefix C:/msys64/ucrt64/bin/../lib/gcc/x86_64-w64-mingw32/13.2.0/ -D_REENTRANT /usr/share/cmake-3.22/Modules/CMakeCCompilerABI.c -quiet -dumpdir CMakeFiles/cmTC_b1700.dir/ -dumpbase CMakeCCompilerABI.c.c -dumpbase-ext .c -mtune=generic -march=nocona -version -o C:\Users\billy\AppData\Local\Temp\ccnXi2YD.s
GNU C17 (Rev3, Built by MSYS2 project) version 13.2.0 (x86_64-w64-mingw32)
	compiled by GNU C version 13.2.0, GMP version 6.3.0, MPFR version 4.2.1, MPC version 1.3.1, isl version isl-0.26-GMP

GGC heuristics: --param ggc-min-expand=100 --param ggc-min-heapsize=131072
ignoring nonexistent directory "C:/msys64/ucrt64/bin/../lib/gcc/x86_64-w64-mingw32/13.2.0/../../../../x86_64-w64-mingw32/include"
ignoring duplicate directory "C:/msys64/ucrt64/lib/gcc/../../lib/gcc/x86_64-w64-mingw32/13.2.0/include"
ignoring nonexistent directory "D:/a/msys64/ucrt64/include"
ignoring nonexistent directory "/ucrt64/include"
ignoring duplicate directory "C:/msys64/ucrt64/lib/gcc/../../lib/gcc/x86_64-w64-mingw32/13.2.0/include-fixed"
ignoring nonexistent directory "C:/msys64/ucrt64/lib/gcc/../../lib/gcc/x86_64-w64-mingw32/13.2.0/../../../../x86_64-w64-mingw32/include"
ignoring nonexistent directory "D:/a/msys64/ucrt64/include"
#include "..." search starts here:
#include <...> search starts here:
 C:/msys64/ucrt64/bin/../lib/gcc/x86_64-w64-mingw32/13.2.0/include
 C:/msys64/ucrt64/bin/../lib/gcc/x86_64-w64-mingw32/13.2.0/../../../../include
 C:/msys64/ucrt64/bin/../lib/gcc/x86_64-w64-mingw32/13.2.0/include-fixed
End of search list.
cc1.exe: fatal error: /usr/share/cmake-3.22/Modules/CMakeCCompilerABI.c: No such file or directory
compilation terminated.
gmake[1]: *** [CMakeFiles/cmTC_b1700.dir/build.make:78: CMakeFiles/cmTC_b1700.dir/CMakeCCompilerABI.c.o] Error 1
gmake[1]: Leaving directory '/mnt/c/Users/billy/Documents/GitHub/duke-of-errors/build/CMakeFiles/CMakeTmp'
gmake: *** [Makefile:127: cmTC_b1700/fast] Error 2




Determining if the C compiler works failed with the following output:
Change Dir: /mnt/c/Users/billy/Documents/GitHub/duke-of-errors/build/CMakeFiles/CMakeTmp

Run Build Command(s):/usr/bin/gmake -f Makefile cmTC_58de5/fast && /usr/bin/gmake  -f CMakeFiles/cmTC_58de5.dir/build.make CMakeFiles/cmTC_58de5.dir/build
gmake[1]: Entering directory '/mnt/c/Users/billy/Documents/GitHub/duke-of-errors/build/CMakeFiles/CMakeTmp'
Building C object CMakeFiles/cmTC_58de5.dir/testCCompiler.c.o
/mnt/c/msys64/ucrt64/bin/gcc.exe    -o CMakeFiles/cmTC_58de5.dir/testCCompiler.c.o -c /mnt/c/Users/billy/Documents/GitHub/duke-of-errors/build/CMakeFiles/CMakeTmp/testCCompiler.c
cc1.exe: fatal error: /mnt/c/Users/billy/Documents/GitHub/duke-of-errors/build/CMakeFiles/CMakeTmp/testCCompiler.c: No such file or directory
compilation terminated.
gmake[1]: *** [CMakeFiles/cmTC_58de5.dir/build.make:78: CMakeFiles/cmTC_58de5.dir/testCCompiler.c.o] Error 1
gmake[1]: Leaving directory '/mnt/c/Users/billy/Documents/GitHub/duke-of-errors/build/CMakeFiles/CMakeTmp'
gmake: *** [Makefile:127: cmTC_58de5/fast] Error 2



